Copyright 1986-2020 Xilinx, Inc. All Rights Reserved.
-----------------------------------------------------------------------------------------------------------------------------------------
| Tool Version      : Vivado v.2020.1 (win64) Build 2902540 Wed May 27 19:54:49 MDT 2020
| Date              : Tue Sep 15 22:29:00 2026
| Host         : (redacted)
| Command      : (redacted)
| Design            : system_top_sfp
| Device            : xczu4ev-sfvc784
| Speed File        : -1  PRODUCTION 1.27 02-28-2020
| Temperature Grade : I
-----------------------------------------------------------------------------------------------------------------------------------------

Timing Summary Report

------------------------------------------------------------------------------------------------
| Timer Settings
| --------------
------------------------------------------------------------------------------------------------

  Enable Multi Corner Analysis               :  Yes
  Enable Pessimism Removal                   :  Yes
  Pessimism Removal Resolution               :  Nearest Common Node
  Enable Input Delay Default Clock           :  No
  Enable Preset / Clear Arcs                 :  No
  Disable Flight Delays                      :  No
  Ignore I/O Paths                           :  No
  Timing Early Launch at Borrowing Latches   :  No
  Borrow Time for Max Delay Exceptions       :  Yes
  Merge Timing Exceptions                    :  Yes

  Corner  Analyze    Analyze    
  Name    Max Paths  Min Paths  
  ------  ---------  ---------  
  Slow    Yes        Yes        
  Fast    Yes        Yes        



check_timing report

Table of Contents
-----------------
1. checking no_clock (0)
2. checking constant_clock (0)
3. checking pulse_width_clock (0)
4. checking unconstrained_internal_endpoints (0)
5. checking no_input_delay (1)
6. checking no_output_delay (1)
7. checking multiple_clock (0)
8. checking generated_clocks (0)
9. checking loops (0)
10. checking partial_input_delay (0)
11. checking partial_output_delay (0)
12. checking latch_loops (0)

1. checking no_clock (0)
------------------------
 There are 0 register/latch pins with no clock.


2. checking constant_clock (0)
------------------------------
 There are 0 register/latch pins with constant_clock.


3. checking pulse_width_clock (0)
---------------------------------
 There are 0 register/latch pins which need pulse_width check


4. checking unconstrained_internal_endpoints (0)
------------------------------------------------
 There are 0 pins that are not constrained for maximum delay.

 There are 0 pins that are not constrained for maximum delay due to constant clock.


5. checking no_input_delay (1)
------------------------------
 There are 0 input ports with no input delay specified.

 There is 1 input port with no input delay but user has a false path constraint. (MEDIUM)


6. checking no_output_delay (1)
-------------------------------
 There are 0 ports with no output delay specified.

 There is 1 port with no output delay but user has a false path constraint (MEDIUM)

 There are 0 ports with no output delay but with a timing clock defined on it or propagating through it


7. checking multiple_clock (0)
------------------------------
 There are 0 register/latch pins with multiple clocks.


8. checking generated_clocks (0)
--------------------------------
 There are 0 generated clocks that are not connected to a clock source.


9. checking loops (0)
---------------------
 There are 0 combinational loops in the design.


10. checking partial_input_delay (0)
------------------------------------
 There are 0 input ports with partial input delay specified.


11. checking partial_output_delay (0)
-------------------------------------
 There are 0 ports with partial output delay specified.


12. checking latch_loops (0)
----------------------------
 There are 0 combinational latch loops in the design through latch input



------------------------------------------------------------------------------------------------
| Design Timing Summary
| ---------------------
------------------------------------------------------------------------------------------------

    WNS(ns)      TNS(ns)  TNS Failing Endpoints  TNS Total Endpoints      WHS(ns)      THS(ns)  THS Failing Endpoints  THS Total Endpoints     WPWS(ns)     TPWS(ns)  TPWS Failing Endpoints  TPWS Total Endpoints  
    -------      -------  ---------------------  -------------------      -------      -------  ---------------------  -------------------     --------     --------  ----------------------  --------------------  
     18.336        0.000                      0                   72        0.048        0.000                      0                   72        0.564        0.000                       0                   294  


All user specified timing constraints are met.


------------------------------------------------------------------------------------------------
| Clock Summary
| -------------
------------------------------------------------------------------------------------------------

Clock                    Waveform(ns)           Period(ns)      Frequency(MHz)
-----                    ------------           ----------      --------------
mgtrefclk_125m           {0.000 4.000}          8.000           125.000         
  qpll1outclk_out[0]     {0.000 0.100}          0.200           5000.000        
    rxoutclk_out[0]      {0.000 6.400}          12.800          78.125          
    rxoutclkpcs_out[0]   {0.000 6.400}          12.800          78.125          
    txoutclk_out[0]      {0.000 6.400}          12.800          78.125          
  qpll1outrefclk_out[0]  {0.000 4.000}          8.000           125.000         
rgmii_rxc                {0.000 4.000}          8.000           125.000         
sys_clk_clk_p            {0.000 2.500}          5.000           200.000         
  clk_50m                {0.000 10.000}         20.000          50.000          


------------------------------------------------------------------------------------------------
| Intra Clock Table
| -----------------
------------------------------------------------------------------------------------------------

Clock                       WNS(ns)      TNS(ns)  TNS Failing Endpoints  TNS Total Endpoints      WHS(ns)      THS(ns)  THS Failing Endpoints  THS Total Endpoints     WPWS(ns)     TPWS(ns)  TPWS Failing Endpoints  TPWS Total Endpoints  
-----                       -------      -------  ---------------------  -------------------      -------      -------  ---------------------  -------------------     --------     --------  ----------------------  --------------------  
    rxoutclk_out[0]                                                                                                                                                       0.594        0.000                       0                    27  
    rxoutclkpcs_out[0]                                                                                                                                                    6.125        0.000                       0                    15  
    txoutclk_out[0]                                                                                                                                                       0.564        0.000                       0                    26  
sys_clk_clk_p                                                                                                                                                             3.750        0.000                       0                     1  
  clk_50m                    18.754        0.000                      0                   43        0.048        0.000                      0                   43        9.725        0.000                       0                   225  


------------------------------------------------------------------------------------------------
| Inter Clock Table
| -----------------
------------------------------------------------------------------------------------------------

From Clock    To Clock          WNS(ns)      TNS(ns)  TNS Failing Endpoints  TNS Total Endpoints      WHS(ns)      THS(ns)  THS Failing Endpoints  THS Total Endpoints  
----------    --------          -------      -------  ---------------------  -------------------      -------      -------  ---------------------  -------------------  


------------------------------------------------------------------------------------------------
| Other Path Groups Table
| -----------------------
------------------------------------------------------------------------------------------------

Path Group         From Clock         To Clock               WNS(ns)      TNS(ns)  TNS Failing Endpoints  TNS Total Endpoints      WHS(ns)      THS(ns)  THS Failing Endpoints  THS Total Endpoints  
----------         ----------         --------               -------      -------  ---------------------  -------------------      -------      -------  ---------------------  -------------------  
**async_default**  clk_50m            clk_50m                 18.336        0.000                      0                   29        0.248        0.000                      0                   29  


------------------------------------------------------------------------------------------------
| Timing Details
| --------------
------------------------------------------------------------------------------------------------


---------------------------------------------------------------------------------------------------
From Clock:  rxoutclk_out[0]
  To Clock:  rxoutclk_out[0]

Setup :           NA  Failing Endpoints,  Worst Slack           NA  ,  Total Violation           NA
Hold  :           NA  Failing Endpoints,  Worst Slack           NA  ,  Total Violation           NA
PW    :            0  Failing Endpoints,  Worst Slack        0.594ns,  Total Violation        0.000ns
---------------------------------------------------------------------------------------------------


Pulse Width Checks
--------------------------------------------------------------------------------------
Clock Name:         rxoutclk_out[0]
Waveform(ns):       { 0.000 6.400 }
Period(ns):         12.800
Sources:            { u_gt/g_gt.u_gt/inst/gen_gtwizard_gthe4_top.gt_sfp_prbs_gtwizard_gthe4_inst/gen_gtwizard_gthe4.gen_channel_container[1].gen_enabled_channel.gthe4_channel_wrapper_inst/channel_inst/gthe4_channel_gen.gen_gthe4_channel_inst[0].GTHE4_CHANNEL_PRIM_INST/RXOUTCLK }

Check Type        Corner  Lib Pin                 Reference Pin            Required(ns)  Actual(ns)  Slack(ns)  Location            Pin
Min Period        n/a     GTHE4_CHANNEL/RXUSRCLK  n/a                      2.560         12.800      10.240     GTHE4_CHANNEL_X0Y4  u_gt/g_gt.u_gt/inst/gen_gtwizard_gthe4_top.gt_sfp_prbs_gtwizard_gthe4_inst/gen_gtwizard_gthe4.gen_channel_container[1].gen_enabled_channel.gthe4_channel_wrapper_inst/channel_inst/gthe4_channel_gen.gen_gthe4_channel_inst[0].GTHE4_CHANNEL_PRIM_INST/RXUSRCLK
Low Pulse Width   Fast    GTHE4_CHANNEL/RXUSRCLK  n/a                      1.152         6.400       5.248      GTHE4_CHANNEL_X0Y4  u_gt/g_gt.u_gt/inst/gen_gtwizard_gthe4_top.gt_sfp_prbs_gtwizard_gthe4_inst/gen_gtwizard_gthe4.gen_channel_container[1].gen_enabled_channel.gthe4_channel_wrapper_inst/channel_inst/gthe4_channel_gen.gen_gthe4_channel_inst[0].GTHE4_CHANNEL_PRIM_INST/RXUSRCLK
High Pulse Width  Slow    GTHE4_CHANNEL/RXUSRCLK  n/a                      1.152         6.400       5.248      GTHE4_CHANNEL_X0Y4  u_gt/g_gt.u_gt/inst/gen_gtwizard_gthe4_top.gt_sfp_prbs_gtwizard_gthe4_inst/gen_gtwizard_gthe4.gen_channel_container[1].gen_enabled_channel.gthe4_channel_wrapper_inst/channel_inst/gthe4_channel_gen.gen_gthe4_channel_inst[0].GTHE4_CHANNEL_PRIM_INST/RXUSRCLK
Max Skew          Fast    GTHE4_CHANNEL/RXUSRCLK  GTHE4_CHANNEL/RXUSRCLK2  0.603         0.009       0.594      GTHE4_CHANNEL_X0Y4  u_gt/g_gt.u_gt/inst/gen_gtwizard_gthe4_top.gt_sfp_prbs_gtwizard_gthe4_inst/gen_gtwizard_gthe4.gen_channel_container[1].gen_enabled_channel.gthe4_channel_wrapper_inst/channel_inst/gthe4_channel_gen.gen_gthe4_channel_inst[0].GTHE4_CHANNEL_PRIM_INST/RXUSRCLK



---------------------------------------------------------------------------------------------------
From Clock:  rxoutclkpcs_out[0]
  To Clock:  rxoutclkpcs_out[0]

Setup :           NA  Failing Endpoints,  Worst Slack           NA  ,  Total Violation           NA
Hold  :           NA  Failing Endpoints,  Worst Slack           NA  ,  Total Violation           NA
PW    :            0  Failing Endpoints,  Worst Slack        6.125ns,  Total Violation        0.000ns
---------------------------------------------------------------------------------------------------


Pulse Width Checks
--------------------------------------------------------------------------------------
Clock Name:         rxoutclkpcs_out[0]
Waveform(ns):       { 0.000 6.400 }
Period(ns):         12.800
Sources:            { u_gt/g_gt.u_gt/inst/gen_gtwizard_gthe4_top.gt_sfp_prbs_gtwizard_gthe4_inst/gen_gtwizard_gthe4.gen_channel_container[1].gen_enabled_channel.gthe4_channel_wrapper_inst/channel_inst/gthe4_channel_gen.gen_gthe4_channel_inst[0].GTHE4_CHANNEL_PRIM_INST/RXOUTCLKPCS }

Check Type        Corner  Lib Pin  Reference Pin  Required(ns)  Actual(ns)  Slack(ns)  Location      Pin
Min Period        n/a     FDCE/C   n/a            0.550         12.800      12.250     SLICE_X60Y71  u_gt/g_gt.u_gt/inst/gen_gtwizard_gthe4_top.gt_sfp_prbs_gtwizard_gthe4_inst/gen_gtwizard_gthe4.gen_pwrgood_delay_inst[0].delay_powergood_inst/gen_powergood_delay.int_pwr_on_fsm_reg/C
Low Pulse Width   Fast    FDCE/C   n/a            0.275         6.400       6.125      SLICE_X60Y71  u_gt/g_gt.u_gt/inst/gen_gtwizard_gthe4_top.gt_sfp_prbs_gtwizard_gthe4_inst/gen_gtwizard_gthe4.gen_pwrgood_delay_inst[0].delay_powergood_inst/gen_powergood_delay.int_pwr_on_fsm_reg/C
High Pulse Width  Slow    FDCE/C   n/a            0.275         6.400       6.125      SLICE_X60Y71  u_gt/g_gt.u_gt/inst/gen_gtwizard_gthe4_top.gt_sfp_prbs_gtwizard_gthe4_inst/gen_gtwizard_gthe4.gen_pwrgood_delay_inst[0].delay_powergood_inst/gen_powergood_delay.int_pwr_on_fsm_reg/C



---------------------------------------------------------------------------------------------------
From Clock:  txoutclk_out[0]
  To Clock:  txoutclk_out[0]

Setup :           NA  Failing Endpoints,  Worst Slack           NA  ,  Total Violation           NA
Hold  :           NA  Failing Endpoints,  Worst Slack           NA  ,  Total Violation           NA
PW    :            0  Failing Endpoints,  Worst Slack        0.564ns,  Total Violation        0.000ns
---------------------------------------------------------------------------------------------------


Pulse Width Checks
--------------------------------------------------------------------------------------
Clock Name:         txoutclk_out[0]
Waveform(ns):       { 0.000 6.400 }
Period(ns):         12.800
Sources:            { u_gt/g_gt.u_gt/inst/gen_gtwizard_gthe4_top.gt_sfp_prbs_gtwizard_gthe4_inst/gen_gtwizard_gthe4.gen_channel_container[1].gen_enabled_channel.gthe4_channel_wrapper_inst/channel_inst/gthe4_channel_gen.gen_gthe4_channel_inst[0].GTHE4_CHANNEL_PRIM_INST/TXOUTCLK }

Check Type        Corner  Lib Pin                 Reference Pin            Required(ns)  Actual(ns)  Slack(ns)  Location            Pin
Min Period        n/a     GTHE4_CHANNEL/TXUSRCLK  n/a                      2.560         12.800      10.240     GTHE4_CHANNEL_X0Y4  u_gt/g_gt.u_gt/inst/gen_gtwizard_gthe4_top.gt_sfp_prbs_gtwizard_gthe4_inst/gen_gtwizard_gthe4.gen_channel_container[1].gen_enabled_channel.gthe4_channel_wrapper_inst/channel_inst/gthe4_channel_gen.gen_gthe4_channel_inst[0].GTHE4_CHANNEL_PRIM_INST/TXUSRCLK
Low Pulse Width   Slow    GTHE4_CHANNEL/TXUSRCLK  n/a                      1.152         6.400       5.248      GTHE4_CHANNEL_X0Y4  u_gt/g_gt.u_gt/inst/gen_gtwizard_gthe4_top.gt_sfp_prbs_gtwizard_gthe4_inst/gen_gtwizard_gthe4.gen_channel_container[1].gen_enabled_channel.gthe4_channel_wrapper_inst/channel_inst/gthe4_channel_gen.gen_gthe4_channel_inst[0].GTHE4_CHANNEL_PRIM_INST/TXUSRCLK
High Pulse Width  Slow    GTHE4_CHANNEL/TXUSRCLK  n/a                      1.152         6.400       5.248      GTHE4_CHANNEL_X0Y4  u_gt/g_gt.u_gt/inst/gen_gtwizard_gthe4_top.gt_sfp_prbs_gtwizard_gthe4_inst/gen_gtwizard_gthe4.gen_channel_container[1].gen_enabled_channel.gthe4_channel_wrapper_inst/channel_inst/gthe4_channel_gen.gen_gthe4_channel_inst[0].GTHE4_CHANNEL_PRIM_INST/TXUSRCLK
Max Skew          Fast    GTHE4_CHANNEL/TXUSRCLK  GTHE4_CHANNEL/TXUSRCLK2  0.572         0.008       0.564      GTHE4_CHANNEL_X0Y4  u_gt/g_gt.u_gt/inst/gen_gtwizard_gthe4_top.gt_sfp_prbs_gtwizard_gthe4_inst/gen_gtwizard_gthe4.gen_channel_container[1].gen_enabled_channel.gthe4_channel_wrapper_inst/channel_inst/gthe4_channel_gen.gen_gthe4_channel_inst[0].GTHE4_CHANNEL_PRIM_INST/TXUSRCLK



---------------------------------------------------------------------------------------------------
From Clock:  sys_clk_clk_p
  To Clock:  sys_clk_clk_p

Setup :           NA  Failing Endpoints,  Worst Slack           NA  ,  Total Violation           NA
Hold  :           NA  Failing Endpoints,  Worst Slack           NA  ,  Total Violation           NA
PW    :            0  Failing Endpoints,  Worst Slack        3.750ns,  Total Violation        0.000ns
---------------------------------------------------------------------------------------------------


Pulse Width Checks
--------------------------------------------------------------------------------------
Clock Name:         sys_clk_clk_p
Waveform(ns):       { 0.000 2.500 }
Period(ns):         5.000
Sources:            { sys_clk_clk_p }

Check Type  Corner  Lib Pin       Reference Pin  Required(ns)  Actual(ns)  Slack(ns)  Location         Pin
Min Period  n/a     BUFGCE_DIV/I  n/a            1.250         5.000       3.750      BUFGCE_DIV_X0Y4  u_div/I



---------------------------------------------------------------------------------------------------
From Clock:  clk_50m
  To Clock:  clk_50m

Setup :            0  Failing Endpoints,  Worst Slack       18.754ns,  Total Violation        0.000ns
Hold  :            0  Failing Endpoints,  Worst Slack        0.048ns,  Total Violation        0.000ns
PW    :            0  Failing Endpoints,  Worst Slack        9.725ns,  Total Violation        0.000ns
---------------------------------------------------------------------------------------------------


Max Delay Paths
--------------------------------------------------------------------------------------
Slack (MET) :             18.754ns  (required time - arrival time)
  Source:                 por_reg[4]/C
                            (rising edge-triggered cell FDRE clocked by clk_50m  {rise@0.000ns fall@10.000ns period=20.000ns})
  Destination:            por_reg[7]/CE
                            (rising edge-triggered cell FDRE clocked by clk_50m  {rise@0.000ns fall@10.000ns period=20.000ns})
  Path Group:             clk_50m
  Path Type:              Setup (Max at Slow Process Corner)
  Requirement:            20.000ns  (clk_50m rise@20.000ns - clk_50m rise@0.000ns)
  Data Path Delay:        1.141ns  (logic 0.326ns (28.571%)  route 0.815ns (71.429%))
  Logic Levels:           2  (LUT4=1 LUT5=1)
  Clock Path Skew:        -0.028ns (DCD - SCD + CPR)
    Destination Clock Delay (DCD):    2.248ns = ( 22.248 - 20.000 ) 
    Source Clock Delay      (SCD):    2.581ns
    Clock Pessimism Removal (CPR):    0.305ns
  Clock Uncertainty:      0.035ns  ((TSJ^2 + TIJ^2)^1/2 + DJ) / 2 + PE
    Total System Jitter     (TSJ):    0.071ns
    Total Input Jitter      (TIJ):    0.000ns
    Discrete Jitter          (DJ):    0.000ns
    Phase Error              (PE):    0.000ns
  Clock Net Delay (Source):      1.521ns (routing 0.569ns, distribution 0.952ns)
  Clock Net Delay (Destination): 1.338ns (routing 0.518ns, distribution 0.820ns)

    Location             Delay type                Incr(ns)  Path(ns)    Netlist Resource(s)
  -------------------------------------------------------------------    -------------------
                         (clock clk_50m rise edge)    0.000     0.000 r  
    AE5                                               0.000     0.000 r  sys_clk_clk_p (IN)
                         net (fo=0)                   0.000     0.000    u_ibuf/I
    HPIOBDIFFINBUF_X0Y35 DIFFINBUF (Prop_DIFFINBUF_HPIOBDIFFINBUF_DIFF_IN_P_O)
                                                      0.523     0.523 r  u_ibuf/DIFFINBUF_INST/O
                         net (fo=1, routed)           0.050     0.573    u_ibuf/OUT
    AE5                  IBUFCTRL (Prop_IBUFCTRL_HPIOB_M_I_O)
                                                      0.000     0.573 r  u_ibuf/IBUFCTRL_INST/O
                         net (fo=1, routed)           0.335     0.908    sys_clk_200m
    BUFGCE_DIV_X0Y4      BUFGCE_DIV (Prop_BUFGCE_DIV_I_O)
                                                      0.152     1.060 r  u_div/O
    X2Y1 (CLOCK_ROOT)    net (fo=225, routed)         1.521     2.581    clk_50m
    SLICE_X56Y61         FDRE                                         r  por_reg[4]/C
  -------------------------------------------------------------------    -------------------
    SLICE_X56Y61         FDRE (Prop_CFF2_SLICEL_C_Q)
                                                      0.097     2.678 f  por_reg[4]/Q
                         net (fo=5, routed)           0.272     2.950    u_gt/Q[4]
    SLICE_X56Y62         LUT4 (Prop_C6LUT_SLICEL_I1_O)
                                                      0.113     3.063 f  u_gt/g_gt.u_gt_i_2/O
                         net (fo=1, routed)           0.238     3.301    u_gt/g_gt.u_gt_i_2_n_0
    SLICE_X56Y62         LUT5 (Prop_E6LUT_SLICEL_I4_O)
                                                      0.116     3.417 r  u_gt/g_gt.u_gt_i_1/O
                         net (fo=81, routed)          0.305     3.722    sel
    SLICE_X56Y62         FDRE                                         r  por_reg[7]/CE
  -------------------------------------------------------------------    -------------------

                         (clock clk_50m rise edge)   20.000    20.000 r  
    AE5                                               0.000    20.000 r  sys_clk_clk_p (IN)
                         net (fo=0)                   0.000    20.000    u_ibuf/I
    HPIOBDIFFINBUF_X0Y35 DIFFINBUF (Prop_DIFFINBUF_HPIOBDIFFINBUF_DIFF_IN_P_O)
                                                      0.441    20.441 r  u_ibuf/DIFFINBUF_INST/O
                         net (fo=1, routed)           0.040    20.481    u_ibuf/OUT
    AE5                  IBUFCTRL (Prop_IBUFCTRL_HPIOB_M_I_O)
                                                      0.000    20.481 r  u_ibuf/IBUFCTRL_INST/O
                         net (fo=1, routed)           0.297    20.778    sys_clk_200m
    BUFGCE_DIV_X0Y4      BUFGCE_DIV (Prop_BUFGCE_DIV_I_O)
                                                      0.132    20.910 r  u_div/O
    X2Y1 (CLOCK_ROOT)    net (fo=225, routed)         1.338    22.248    clk_50m
    SLICE_X56Y62         FDRE                                         r  por_reg[7]/C
                         clock pessimism              0.305    22.553    
                         clock uncertainty           -0.035    22.518    
    SLICE_X56Y62         FDRE (Setup_CFF2_SLICEL_C_CE)
                                                     -0.042    22.476    por_reg[7]
  -------------------------------------------------------------------
                         required time                         22.476    
                         arrival time                          -3.722    
  -------------------------------------------------------------------
                         slack                                 18.754    





Min Delay Paths
--------------------------------------------------------------------------------------
Slack (MET) :             0.048ns  (arrival time - required time)
  Source:                 link_meta_reg/C
                            (rising edge-triggered cell FDCE clocked by clk_50m  {rise@0.000ns fall@10.000ns period=20.000ns})
  Destination:            link_sync_reg/D
                            (rising edge-triggered cell FDCE clocked by clk_50m  {rise@0.000ns fall@10.000ns period=20.000ns})
  Path Group:             clk_50m
  Path Type:              Hold (Min at Fast Process Corner)
  Requirement:            0.000ns  (clk_50m rise@0.000ns - clk_50m rise@0.000ns)
  Data Path Delay:        0.101ns  (logic 0.038ns (37.624%)  route 0.063ns (62.376%))
  Logic Levels:           0  
  Clock Path Skew:        0.006ns (DCD - SCD - CPR)
    Destination Clock Delay (DCD):    1.588ns
    Source Clock Delay      (SCD):    1.327ns
    Clock Pessimism Removal (CPR):    0.254ns
  Clock Net Delay (Source):      0.781ns (routing 0.292ns, distribution 0.489ns)
  Clock Net Delay (Destination): 0.885ns (routing 0.322ns, distribution 0.563ns)

    Location             Delay type                Incr(ns)  Path(ns)    Netlist Resource(s)
  -------------------------------------------------------------------    -------------------
                         (clock clk_50m rise edge)    0.000     0.000 r  
    AE5                                               0.000     0.000 r  sys_clk_clk_p (IN)
                         net (fo=0)                   0.000     0.000    u_ibuf/I
    HPIOBDIFFINBUF_X0Y35 DIFFINBUF (Prop_DIFFINBUF_HPIOBDIFFINBUF_DIFF_IN_P_O)
                                                      0.273     0.273 r  u_ibuf/DIFFINBUF_INST/O
                         net (fo=1, routed)           0.040     0.313    u_ibuf/OUT
    AE5                  IBUFCTRL (Prop_IBUFCTRL_HPIOB_M_I_O)
                                                      0.000     0.313 r  u_ibuf/IBUFCTRL_INST/O
                         net (fo=1, routed)           0.144     0.457    sys_clk_200m
    BUFGCE_DIV_X0Y4      BUFGCE_DIV (Prop_BUFGCE_DIV_I_O)
                                                      0.089     0.546 r  u_div/O
    X2Y1 (CLOCK_ROOT)    net (fo=225, routed)         0.781     1.327    clk_50m
    SLICE_X58Y67         FDCE                                         r  link_meta_reg/C
  -------------------------------------------------------------------    -------------------
    SLICE_X58Y67         FDCE (Prop_EFF_SLICEM_C_Q)
                                                      0.038     1.365 r  link_meta_reg/Q
                         net (fo=1, routed)           0.063     1.428    link_meta
    SLICE_X58Y67         FDCE                                         r  link_sync_reg/D
  -------------------------------------------------------------------    -------------------

                         (clock clk_50m rise edge)    0.000     0.000 r  
    AE5                                               0.000     0.000 r  sys_clk_clk_p (IN)
                         net (fo=0)                   0.000     0.000    u_ibuf/I
    HPIOBDIFFINBUF_X0Y35 DIFFINBUF (Prop_DIFFINBUF_HPIOBDIFFINBUF_DIFF_IN_P_O)
                                                      0.372     0.372 r  u_ibuf/DIFFINBUF_INST/O
                         net (fo=1, routed)           0.050     0.422    u_ibuf/OUT
    AE5                  IBUFCTRL (Prop_IBUFCTRL_HPIOB_M_I_O)
                                                      0.000     0.422 r  u_ibuf/IBUFCTRL_INST/O
                         net (fo=1, routed)           0.180     0.602    sys_clk_200m
    BUFGCE_DIV_X0Y4      BUFGCE_DIV (Prop_BUFGCE_DIV_I_O)
                                                      0.101     0.703 r  u_div/O
    X2Y1 (CLOCK_ROOT)    net (fo=225, routed)         0.885     1.588    clk_50m
    SLICE_X58Y67         FDCE                                         r  link_sync_reg/C
                         clock pessimism             -0.254     1.333    
    SLICE_X58Y67         FDCE (Hold_EFF2_SLICEM_C_D)
                                                      0.047     1.380    link_sync_reg
  -------------------------------------------------------------------
                         required time                         -1.380    
                         arrival time                           1.428    
  -------------------------------------------------------------------
                         slack                                  0.048    





Pulse Width Checks
--------------------------------------------------------------------------------------
Clock Name:         clk_50m
Waveform(ns):       { 0.000 10.000 }
Period(ns):         20.000
Sources:            { u_div/O }

Check Type        Corner  Lib Pin  Reference Pin  Required(ns)  Actual(ns)  Slack(ns)  Location      Pin
Min Period        n/a     FDCE/C   n/a            0.550         20.000      19.450     SLICE_X59Y65  hb_reg[0]/C
Low Pulse Width   Slow    FDCE/C   n/a            0.275         10.000      9.725      SLICE_X59Y67  hb_reg[16]/C
High Pulse Width  Slow    FDCE/C   n/a            0.275         10.000      9.725      SLICE_X59Y67  hb_reg[20]/C



---------------------------------------------------------------------------------------------------
Path Group:  **async_default**
From Clock:  clk_50m
  To Clock:  clk_50m

Setup :            0  Failing Endpoints,  Worst Slack       18.336ns,  Total Violation        0.000ns
Hold  :            0  Failing Endpoints,  Worst Slack        0.248ns,  Total Violation        0.000ns
---------------------------------------------------------------------------------------------------


Max Delay Paths
--------------------------------------------------------------------------------------
Slack (MET) :             18.336ns  (required time - arrival time)
  Source:                 por_reg[4]/C
                            (rising edge-triggered cell FDRE clocked by clk_50m  {rise@0.000ns fall@10.000ns period=20.000ns})
  Destination:            link_meta_reg/CLR
                            (recovery check against rising-edge clock clk_50m  {rise@0.000ns fall@10.000ns period=20.000ns})
  Path Group:             **async_default**
  Path Type:              Recovery (Max at Slow Process Corner)
  Requirement:            20.000ns  (clk_50m rise@20.000ns - clk_50m rise@0.000ns)
  Data Path Delay:        1.472ns  (logic 0.326ns (22.147%)  route 1.146ns (77.853%))
  Logic Levels:           2  (LUT4=1 LUT5=1)
  Clock Path Skew:        -0.085ns (DCD - SCD + CPR)
    Destination Clock Delay (DCD):    2.257ns = ( 22.257 - 20.000 ) 
    Source Clock Delay      (SCD):    2.581ns
    Clock Pessimism Removal (CPR):    0.239ns
  Clock Uncertainty:      0.035ns  ((TSJ^2 + TIJ^2)^1/2 + DJ) / 2 + PE
    Total System Jitter     (TSJ):    0.071ns
    Total Input Jitter      (TIJ):    0.000ns
    Discrete Jitter          (DJ):    0.000ns
    Phase Error              (PE):    0.000ns
  Clock Net Delay (Source):      1.521ns (routing 0.569ns, distribution 0.952ns)
  Clock Net Delay (Destination): 1.347ns (routing 0.518ns, distribution 0.829ns)

    Location             Delay type                Incr(ns)  Path(ns)    Netlist Resource(s)
  -------------------------------------------------------------------    -------------------
                         (clock clk_50m rise edge)    0.000     0.000 r  
    AE5                                               0.000     0.000 r  sys_clk_clk_p (IN)
                         net (fo=0)                   0.000     0.000    u_ibuf/I
    HPIOBDIFFINBUF_X0Y35 DIFFINBUF (Prop_DIFFINBUF_HPIOBDIFFINBUF_DIFF_IN_P_O)
                                                      0.523     0.523 r  u_ibuf/DIFFINBUF_INST/O
                         net (fo=1, routed)           0.050     0.573    u_ibuf/OUT
    AE5                  IBUFCTRL (Prop_IBUFCTRL_HPIOB_M_I_O)
                                                      0.000     0.573 r  u_ibuf/IBUFCTRL_INST/O
                         net (fo=1, routed)           0.335     0.908    sys_clk_200m
    BUFGCE_DIV_X0Y4      BUFGCE_DIV (Prop_BUFGCE_DIV_I_O)
                                                      0.152     1.060 r  u_div/O
    X2Y1 (CLOCK_ROOT)    net (fo=225, routed)         1.521     2.581    clk_50m
    SLICE_X56Y61         FDRE                                         r  por_reg[4]/C
  -------------------------------------------------------------------    -------------------
    SLICE_X56Y61         FDRE (Prop_CFF2_SLICEL_C_Q)
                                                      0.097     2.678 r  por_reg[4]/Q
                         net (fo=5, routed)           0.272     2.950    u_gt/Q[4]
    SLICE_X56Y62         LUT4 (Prop_C6LUT_SLICEL_I1_O)
                                                      0.113     3.063 r  u_gt/g_gt.u_gt_i_2/O
                         net (fo=1, routed)           0.238     3.301    u_gt/g_gt.u_gt_i_2_n_0
    SLICE_X56Y62         LUT5 (Prop_E6LUT_SLICEL_I4_O)
                                                      0.116     3.417 f  u_gt/g_gt.u_gt_i_1/O
                         net (fo=81, routed)          0.636     4.053    sel
    SLICE_X58Y67         FDCE                                         f  link_meta_reg/CLR
  -------------------------------------------------------------------    -------------------

                         (clock clk_50m rise edge)   20.000    20.000 r  
    AE5                                               0.000    20.000 r  sys_clk_clk_p (IN)
                         net (fo=0)                   0.000    20.000    u_ibuf/I
    HPIOBDIFFINBUF_X0Y35 DIFFINBUF (Prop_DIFFINBUF_HPIOBDIFFINBUF_DIFF_IN_P_O)
                                                      0.441    20.441 r  u_ibuf/DIFFINBUF_INST/O
                         net (fo=1, routed)           0.040    20.481    u_ibuf/OUT
    AE5                  IBUFCTRL (Prop_IBUFCTRL_HPIOB_M_I_O)
                                                      0.000    20.481 r  u_ibuf/IBUFCTRL_INST/O
                         net (fo=1, routed)           0.297    20.778    sys_clk_200m
    BUFGCE_DIV_X0Y4      BUFGCE_DIV (Prop_BUFGCE_DIV_I_O)
                                                      0.132    20.910 r  u_div/O
    X2Y1 (CLOCK_ROOT)    net (fo=225, routed)         1.347    22.257    clk_50m
    SLICE_X58Y67         FDCE                                         r  link_meta_reg/C
                         clock pessimism              0.239    22.496    
                         clock uncertainty           -0.035    22.461    
    SLICE_X58Y67         FDCE (Recov_EFF_SLICEM_C_CLR)
                                                     -0.072    22.389    link_meta_reg
  -------------------------------------------------------------------
                         required time                         22.389    
                         arrival time                          -4.053    
  -------------------------------------------------------------------
                         slack                                 18.336    





Min Delay Paths
--------------------------------------------------------------------------------------
Slack (MET) :             0.248ns  (arrival time - required time)
  Source:                 por_reg[2]/C
                            (rising edge-triggered cell FDRE clocked by clk_50m  {rise@0.000ns fall@10.000ns period=20.000ns})
  Destination:            hb_reg[4]/CLR
                            (removal check against rising-edge clock clk_50m  {rise@0.000ns fall@10.000ns period=20.000ns})
  Path Group:             **async_default**
  Path Type:              Removal (Min at Fast Process Corner)
  Requirement:            0.000ns  (clk_50m rise@0.000ns - clk_50m rise@0.000ns)
  Data Path Delay:        0.278ns  (logic 0.061ns (21.942%)  route 0.217ns (78.058%))
  Logic Levels:           1  (LUT5=1)
  Clock Path Skew:        0.050ns (DCD - SCD - CPR)
    Destination Clock Delay (DCD):    1.585ns
    Source Clock Delay      (SCD):    1.325ns
    Clock Pessimism Removal (CPR):    0.209ns
  Clock Net Delay (Source):      0.779ns (routing 0.292ns, distribution 0.487ns)
  Clock Net Delay (Destination): 0.882ns (routing 0.322ns, distribution 0.560ns)

    Location             Delay type                Incr(ns)  Path(ns)    Netlist Resource(s)
  -------------------------------------------------------------------    -------------------
                         (clock clk_50m rise edge)    0.000     0.000 r  
    AE5                                               0.000     0.000 r  sys_clk_clk_p (IN)
                         net (fo=0)                   0.000     0.000    u_ibuf/I
    HPIOBDIFFINBUF_X0Y35 DIFFINBUF (Prop_DIFFINBUF_HPIOBDIFFINBUF_DIFF_IN_P_O)
                                                      0.273     0.273 r  u_ibuf/DIFFINBUF_INST/O
                         net (fo=1, routed)           0.040     0.313    u_ibuf/OUT
    AE5                  IBUFCTRL (Prop_IBUFCTRL_HPIOB_M_I_O)
                                                      0.000     0.313 r  u_ibuf/IBUFCTRL_INST/O
                         net (fo=1, routed)           0.144     0.457    sys_clk_200m
    BUFGCE_DIV_X0Y4      BUFGCE_DIV (Prop_BUFGCE_DIV_I_O)
                                                      0.089     0.546 r  u_div/O
    X2Y1 (CLOCK_ROOT)    net (fo=225, routed)         0.779     1.325    clk_50m
    SLICE_X56Y62         FDRE                                         r  por_reg[2]/C
  -------------------------------------------------------------------    -------------------
    SLICE_X56Y62         FDRE (Prop_EFF_SLICEL_C_Q)
                                                      0.039     1.364 r  por_reg[2]/Q
                         net (fo=7, routed)           0.058     1.422    u_gt/Q[2]
    SLICE_X56Y62         LUT5 (Prop_E6LUT_SLICEL_I0_O)
                                                      0.022     1.444 f  u_gt/g_gt.u_gt_i_1/O
                         net (fo=81, routed)          0.159     1.603    sel
    SLICE_X59Y65         FDCE                                         f  hb_reg[4]/CLR
  -------------------------------------------------------------------    -------------------

                         (clock clk_50m rise edge)    0.000     0.000 r  
    AE5                                               0.000     0.000 r  sys_clk_clk_p (IN)
                         net (fo=0)                   0.000     0.000    u_ibuf/I
    HPIOBDIFFINBUF_X0Y35 DIFFINBUF (Prop_DIFFINBUF_HPIOBDIFFINBUF_DIFF_IN_P_O)
                                                      0.372     0.372 r  u_ibuf/DIFFINBUF_INST/O
                         net (fo=1, routed)           0.050     0.422    u_ibuf/OUT
    AE5                  IBUFCTRL (Prop_IBUFCTRL_HPIOB_M_I_O)
                                                      0.000     0.422 r  u_ibuf/IBUFCTRL_INST/O
                         net (fo=1, routed)           0.180     0.602    sys_clk_200m
    BUFGCE_DIV_X0Y4      BUFGCE_DIV (Prop_BUFGCE_DIV_I_O)
                                                      0.101     0.703 r  u_div/O
    X2Y1 (CLOCK_ROOT)    net (fo=225, routed)         0.882     1.585    clk_50m
    SLICE_X59Y65         FDCE                                         r  hb_reg[4]/C
                         clock pessimism             -0.209     1.376    
    SLICE_X59Y65         FDCE (Remov_EFF_SLICEL_C_CLR)
                                                     -0.020     1.356    hb_reg[4]
  -------------------------------------------------------------------
                         required time                         -1.356    
                         arrival time                           1.603    
  -------------------------------------------------------------------
                         slack                                  0.248    





