Copyright 1986-2020 Xilinx, Inc. All Rights Reserved.
--------------------------------------------------------------------------------------------------------------------------
| Tool Version : Vivado v.2020.1 (win64) Build 2902540 Wed May 27 19:54:49 MDT 2020
| Date         : Fri Sep 25 13:19:30 2026
| Host         : (redacted)
| Command      : report_utilization -file (redacted)
| Design       : system_top
| Device       : xczu4evsfvc784-1
| Design State : Routed
--------------------------------------------------------------------------------------------------------------------------

Utilization Design Information

Table of Contents
-----------------
1. CLB Logic
1.1 Summary of Registers by Type
2. CLB Logic Distribution
3. BLOCKRAM
4. ARITHMETIC
5. I/O
6. CLOCK
7. ADVANCED
8. CONFIGURATION
9. Primitives
10. Black Boxes
11. Instantiated Netlists

1. CLB Logic
------------

+----------------------------+-------+-------+-----------+-------+
|          Site Type         |  Used | Fixed | Available | Util% |
+----------------------------+-------+-------+-----------+-------+
| CLB LUTs                   | 60630 |     0 |     87840 | 69.02 |
|   LUT as Logic             | 58792 |     0 |     87840 | 66.93 |
|   LUT as Memory            |  1838 |     0 |     57600 |  3.19 |
|     LUT as Distributed RAM |  1636 |     0 |           |       |
|     LUT as Shift Register  |   202 |     0 |           |       |
| CLB Registers              | 88773 |     0 |    175680 | 50.53 |
|   Register as Flip Flop    | 88773 |     0 |    175680 | 50.53 |
|   Register as Latch        |     0 |     0 |    175680 |  0.00 |
| CARRY8                     |   324 |     0 |     14640 |  2.21 |
| F7 Muxes                   | 11485 |     0 |     58560 | 19.61 |
| F8 Muxes                   |  2224 |     0 |     29280 |  7.60 |
| F9 Muxes                   |     0 |     0 |     14640 |  0.00 |
+----------------------------+-------+-------+-----------+-------+


1.1 Summary of Registers by Type
--------------------------------

+-------+--------------+-------------+--------------+
| Total | Clock Enable | Synchronous | Asynchronous |
+-------+--------------+-------------+--------------+
| 0     |            _ |           - |            - |
| 0     |            _ |           - |          Set |
| 0     |            _ |           - |        Reset |
| 0     |            _ |         Set |            - |
| 0     |            _ |       Reset |            - |
| 0     |          Yes |           - |            - |
| 169   |          Yes |           - |          Set |
| 11555 |          Yes |           - |        Reset |
| 326   |          Yes |         Set |            - |
| 76723 |          Yes |       Reset |            - |
+-------+--------------+-------------+--------------+


2. CLB Logic Distribution
-------------------------

+--------------------------------------------+-------+-------+-----------+-------+
|                  Site Type                 |  Used | Fixed | Available | Util% |
+--------------------------------------------+-------+-------+-----------+-------+
| CLB                                        | 14081 |     0 |     14640 | 96.18 |
|   CLBL                                     |  7149 |     0 |           |       |
|   CLBM                                     |  6932 |     0 |           |       |
| LUT as Logic                               | 58792 |     0 |     87840 | 66.93 |
|   using O5 output only                     |   300 |       |           |       |
|   using O6 output only                     | 52006 |       |           |       |
|   using O5 and O6                          |  6486 |       |           |       |
| LUT as Memory                              |  1838 |     0 |     57600 |  3.19 |
|   LUT as Distributed RAM                   |  1636 |     0 |           |       |
|     using O5 output only                   |     0 |       |           |       |
|     using O6 output only                   |  1604 |       |           |       |
|     using O5 and O6                        |    32 |       |           |       |
|   LUT as Shift Register                    |   202 |     0 |           |       |
|     using O5 output only                   |     0 |       |           |       |
|     using O6 output only                   |    74 |       |           |       |
|     using O5 and O6                        |   128 |       |           |       |
| CLB Registers                              | 88773 |     0 |    175680 | 50.53 |
|   Register driven from within the CLB      | 10868 |       |           |       |
|   Register driven from outside the CLB     | 77905 |       |           |       |
|     LUT in front of the register is unused | 31027 |       |           |       |
|     LUT in front of the register is used   | 46878 |       |           |       |
| Unique Control Sets                        | 14218 |       |     29280 | 48.56 |
+--------------------------------------------+-------+-------+-----------+-------+
* * Note: Available Control Sets calculated as Slices * 2, Review the Control Sets Report for more information regarding control sets.


3. BLOCKRAM
-----------

+-------------------+------+-------+-----------+-------+
|     Site Type     | Used | Fixed | Available | Util% |
+-------------------+------+-------+-----------+-------+
| Block RAM Tile    | 15.5 |     0 |       128 | 12.11 |
|   RAMB36/FIFO*    |   12 |     0 |       128 |  9.38 |
|     RAMB36E2 only |   12 |       |           |       |
|   RAMB18          |    7 |     0 |       256 |  2.73 |
|     RAMB18E2 only |    7 |       |           |       |
| URAM              |    0 |     0 |        48 |  0.00 |
+-------------------+------+-------+-----------+-------+
* Note: Each Block RAM Tile only has one FIFO logic available and therefore can accommodate only one FIFO36E2 or one FIFO18E2. However, if a FIFO18E2 occupies a Block RAM Tile, that tile can still accommodate a RAMB18E2


4. ARITHMETIC
-------------

+----------------+------+-------+-----------+-------+
|    Site Type   | Used | Fixed | Available | Util% |
+----------------+------+-------+-----------+-------+
| DSPs           |    4 |     0 |       728 |  0.55 |
|   DSP48E2 only |    4 |       |           |       |
+----------------+------+-------+-----------+-------+


5. I/O
------

+------------------+------+-------+-----------+-------+
|     Site Type    | Used | Fixed | Available | Util% |
+------------------+------+-------+-----------+-------+
| Bonded IOB       |   23 |    23 |       252 |  9.13 |
| HPIOB_M          |    9 |     9 |        72 | 12.50 |
|   INPUT          |    5 |       |           |       |
|   OUTPUT         |    3 |       |           |       |
|   BIDIR          |    1 |       |           |       |
| HPIOB_S          |    8 |     8 |        72 | 11.11 |
|   INPUT          |    3 |       |           |       |
|   OUTPUT         |    5 |       |           |       |
|   BIDIR          |    0 |       |           |       |
| HDIOB_M          |    4 |     4 |        48 |  8.33 |
|   INPUT          |    1 |       |           |       |
|   OUTPUT         |    3 |       |           |       |
|   BIDIR          |    0 |       |           |       |
| HDIOB_S          |    2 |     2 |        48 |  4.17 |
|   INPUT          |    2 |       |           |       |
|   OUTPUT         |    0 |       |           |       |
|   BIDIR          |    0 |       |           |       |
| HPIOB_SNGL       |    0 |     0 |        12 |  0.00 |
| HPIOBDIFFINBUF   |    1 |     1 |        96 |  1.04 |
|   DIFFINBUF      |    1 |     1 |           |       |
| HPIOBDIFFOUTBUF  |    0 |     0 |        96 |  0.00 |
| HDIOBDIFFINBUF   |    0 |     0 |        48 |  0.00 |
| BITSLICE_CONTROL |    1 |     0 |        32 |  3.13 |
| BITSLICE_RX_TX   |   11 |    11 |       208 |  5.29 |
|   OSERDES        |    6 |     6 |           |       |
| BITSLICE_TX      |    0 |     0 |        32 |  0.00 |
| RIU_OR           |    0 |     0 |        16 |  0.00 |
+------------------+------+-------+-----------+-------+


6. CLOCK
--------

+----------------------+------+-------+-----------+-------+
|       Site Type      | Used | Fixed | Available | Util% |
+----------------------+------+-------+-----------+-------+
| GLOBAL CLOCK BUFFERs |   19 |     0 |       352 |  5.40 |
|   BUFGCE             |   13 |     0 |       112 | 11.61 |
|   BUFGCE_DIV         |    2 |     0 |        16 | 12.50 |
|   BUFG_GT            |    4 |     0 |        96 |  4.17 |
|   BUFG_PS            |    0 |     0 |        96 |  0.00 |
|   BUFGCTRL*          |    0 |     0 |        32 |  0.00 |
| PLL                  |    0 |     0 |         8 |  0.00 |
| MMCM                 |    2 |     0 |         4 | 50.00 |
+----------------------+------+-------+-----------+-------+
* Note: Each used BUFGCTRL counts as two GLOBAL CLOCK BUFFERs. This table does not include global clocking resources, only buffer cell usage. See the Clock Utilization Report (report_clock_utilization) for detailed accounting of global clocking resource availability.


7. ADVANCED
-----------

+-----------------+------+-------+-----------+--------+
|    Site Type    | Used | Fixed | Available |  Util% |
+-----------------+------+-------+-----------+--------+
| GTHE4_CHANNEL   |    2 |     2 |         4 |  50.00 |
| GTHE4_COMMON    |    1 |     0 |         1 | 100.00 |
| OBUFDS_GTE4     |    0 |     0 |         2 |   0.00 |
| OBUFDS_GTE4_ADV |    0 |     0 |         2 |   0.00 |
| PCIE40E4        |    0 |     0 |         2 |   0.00 |
| PS8             |    1 |     0 |         1 | 100.00 |
| SYSMONE4        |    0 |     0 |         1 |   0.00 |
| VCU             |    0 |     0 |         1 |   0.00 |
+-----------------+------+-------+-----------+--------+


8. CONFIGURATION
----------------

+-------------+------+-------+-----------+-------+
|  Site Type  | Used | Fixed | Available | Util% |
+-------------+------+-------+-----------+-------+
| BSCANE2     |    1 |     0 |         4 | 25.00 |
| DNA_PORTE2  |    0 |     0 |         1 |  0.00 |
| EFUSE_USR   |    0 |     0 |         1 |  0.00 |
| FRAME_ECCE4 |    0 |     0 |         1 |  0.00 |
| ICAPE3      |    0 |     0 |         2 |  0.00 |
| MASTER_JTAG |    0 |     0 |         1 |  0.00 |
| STARTUPE3   |    0 |     0 |         1 |  0.00 |
+-------------+------+-------+-----------+-------+


9. Primitives
-------------

+---------------+-------+---------------------+
|    Ref Name   |  Used | Functional Category |
+---------------+-------+---------------------+
| FDRE          | 76723 |            Register |
| LUT6          | 37144 |                 CLB |
| FDCE          | 11555 |            Register |
| MUXF7         | 11485 |                 CLB |
| LUT5          | 11053 |                 CLB |
| LUT4          |  7490 |                 CLB |
| LUT3          |  4882 |                 CLB |
| LUT2          |  4418 |                 CLB |
| MUXF8         |  2224 |                 CLB |
| RAMD64E       |  1600 |                 CLB |
| FDSE          |   326 |            Register |
| CARRY8        |   324 |                 CLB |
| LUT1          |   291 |                 CLB |
| SRL16E        |   178 |                 CLB |
| FDPE          |   169 |            Register |
| SRLC32E       |   148 |                 CLB |
| RAMD32        |    60 |                 CLB |
| BUFGCE        |    13 |               Clock |
| RAMB36E2      |    12 |           Block Ram |
| OBUF          |    11 |                 I/O |
| IBUFCTRL      |    11 |              Others |
| INBUF         |    10 |                 I/O |
| RAMS32        |     8 |                 CLB |
| RAMB18E2      |     7 |           Block Ram |
| OSERDESE3     |     6 |                 I/O |
| IDELAYE3      |     5 |                 I/O |
| IDDRE1        |     5 |            Register |
| SRLC16E       |     4 |                 CLB |
| DSP48E2       |     4 |          Arithmetic |
| BUFG_GT       |     4 |               Clock |
| MMCME4_ADV    |     2 |               Clock |
| GTHE4_CHANNEL |     2 |            Advanced |
| BUFG_GT_SYNC  |     2 |               Clock |
| BUFGCE_DIV    |     2 |               Clock |
| PS8           |     1 |            Advanced |
| OBUFT         |     1 |                 I/O |
| IDELAYCTRL    |     1 |                 I/O |
| IBUFDS_GTE4   |     1 |                 I/O |
| GTHE4_COMMON  |     1 |            Advanced |
| DIFFINBUF     |     1 |                 I/O |
| BSCANE2       |     1 |       Configuration |
+---------------+-------+---------------------+


10. Black Boxes
---------------

+----------+------+
| Ref Name | Used |
+----------+------+


11. Instantiated Netlists
-------------------------

+------------------------------+------+
|           Ref Name           | Used |
+------------------------------+------+
| ila_rgmii                    |    1 |
| ila_logic                    |    1 |
| gt_sfp_10g                   |    1 |
| design_1_zynq_ultra_ps_e_0_0 |    1 |
| design_1_jtag_axi_0_0        |    1 |
| design_1_axi_smc_0           |    1 |
| dbg_hub                      |    1 |
+------------------------------+------+


